

Wed Jul  3 01:12:51 2019
Command line: TestDisk

TestDisk 7.0, Data Recovery Utility, April 2015
Christophe GRENIER <grenier@cgsecurity.org>
http://www.cgsecurity.org
OS: Linux, kernel 4.18.0-21-generic (#22~18.04.1-Ubuntu SMP Thu May 16 15:07:19 UTC 2019) x86_64
Compiler: GCC 7.2
ext2fs lib: 1.44.1, ntfs lib: libntfs-3g, reiserfs lib: none, ewf lib: none, curses lib: ncurses 6.0
/dev/sda: LBA, LBA48 support
/dev/sda: size       31457280 sectors
/dev/sda: user_max   31457280 sectors
Warning: can't get size for Disk /dev/mapper/control - 0 B - 0 sectors, sector size=512
/dev/sr0 is not an ATA disk
Hard disk list
Disk /dev/sda - 16 GB / 15 GiB - CHS 1958 255 63, sector size=512 - VBOX HARDDISK, S/N:VB264000bf-cc24c359, FW:1.0
Disk /dev/sr0 - 85 MB / 81 MiB - 41952 sectors (RO), sector size=2048 - VBOX CD-ROM, S/N:VB2-01700376, FW:1.0

Partition table type (auto): Intel
Disk /dev/sda - 16 GB / 15 GiB - VBOX HARDDISK
Partition table type: None

Interface Advanced
   P Unknown                  0   0  1  1958  31 57   31457280
SIGHUP detected! TestDisk has been killed.
